../Core/Src/main.c:110:6:set_M_speeds	16	static
../Core/Src/main.c:118:6:HAL_GPIO_EXTI_Callback	16	static
../Core/Src/main.c:135:6:HAL_TIM_PeriodElapsedCallback	16	static
../Core/Src/main.c:166:6:Set_DMUX_Address	16	static
../Core/Src/main.c:173:6:ADC_Scan_Init	8	static
../Core/Src/main.c:181:6:HAL_ADC_ConvCpltCallback	32	static
../Core/Src/main.c:242:5:main	16	static
../Core/Src/main.c:329:6:SystemClock_Config	88	static
../Core/Src/main.c:375:13:MX_ADC1_Init	24	static
../Core/Src/main.c:427:13:MX_I2C1_Init	8	static
../Core/Src/main.c:461:13:MX_TIM2_Init	32	static
../Core/Src/main.c:506:13:MX_TIM3_Init	48	static
../Core/Src/main.c:555:13:MX_TIM4_Init	48	static
../Core/Src/main.c:604:13:MX_TIM5_Init	32	static
../Core/Src/main.c:649:13:MX_TIM9_Init	24	static
../Core/Src/main.c:687:13:MX_USART1_UART_Init	8	static
../Core/Src/main.c:720:13:MX_USART2_UART_Init	8	static
../Core/Src/main.c:751:13:MX_DMA_Init	16	static
../Core/Src/main.c:769:13:MX_GPIO_Init	40	static
../Core/Src/main.c:814:6:Error_Handler	4	static,ignoring_inline_asm
